rpc error: code = InvalidArgument desc = br
error details: name = BadRequest field = Foo desc = Bar