rpc error: code = InvalidArgument desc = br
error details: name = DebugInfo detail = Stack stack = Foo Bar