rpc error: code = InvalidArgument desc = br
error details: name = Help desc = Foo url = Bar