googleapi: Error 0: just because
error details: name = ErrorInfo reason = just because domain = tests metadata = map[]