googleapi: Error 0: permission denied in JSON
error details: name = ErrorInfo reason = just because domain = tests metadata = map[]