rpc error: code = InvalidArgument desc = br
error details: name = LocalizedMessage locale = Foo msg = Bar