rpc error: code = InvalidArgument desc = br
error details: name = Unknown  desc = unknown detail 1